#
# A fatal error has been detected by the Java Runtime Environment:
#
#  EXCEPTION_ACCESS_VIOLATION (0xc0000005) at pc=0x00007ffc292f1bd1, pid=19428, tid=5772
#
# JRE version:  (21.0.8+9) (build )
# Java VM: OpenJDK 64-Bit Server VM (21.0.8+9-LTS, mixed mode, sharing, tiered, compressed class ptrs, unknown gc, windows-amd64)
# Problematic frame:
# C  [jimage.dll+0x1bd1]
#
# No core dump will be written. Minidumps are not enabled by default on client versions of Windows
#
#

---------------  S U M M A R Y ------------

Command Line: 

Host: Intel(R) Core(TM) i5-8250U CPU @ 1.60GHz, 8 cores, 7G,  Windows 11 , 64 bit Build 26100 (10.0.26100.8544)
Time: Sun May 31 01:46:04 2026 Pakistan Standard Time elapsed time: 1.025911 seconds (0d 0h 0m 1s)

---------------  T H R E A D  ---------------

Current thread is native thread

Stack: [0x000000833bd00000,0x000000833be00000],  sp=0x000000833bdfd680,  free space=1013k
Native frames: (J=compiled Java code, j=interpreted, Vv=VM code, C=native code)
C  [jimage.dll+0x1bd1]
C  [jimage.dll+0x1d5f]
C  [jimage.dll+0x2641]
V  [jvm.dll+0x224ee0]
V  [jvm.dll+0xcb377]
V  [jvm.dll+0x86e03c]
V  [jvm.dll+0x45cfae]
V  [jvm.dll+0x45ec31]
C  [jli.dll+0x52ab]
C  [ucrtbase.dll+0x2cd30]
C  [KERNEL32.DLL+0x2e957]
C  [ntdll.dll+0xaad6c]


siginfo: EXCEPTION_ACCESS_VIOLATION (0xc0000005), reading address 0x000000000000090c


Registers:
RAX=0x000000000000023c, RBX=0x000000833bdfd771, RCX=0x00007ffc292f6000, RDX=0x000000000000023c
RSP=0x000000833bdfd680, RBP=0x000000833bdfd770, RSI=0x0000000000006f34, RDI=0x000000833bdfd770
R8 =0x00007ffc292f4288, R9 =0x000000000000001c, R10=0x00007ffc25300000, R11=0x00007ffc292f6000
R12=0x0000000000000000, R13=0x000000833bdffc00, R14=0x000000833bdfe7e0, R15=0x00007ffbc823d4c0
RIP=0x00007ffc292f1bd1, EFLAGS=0x0000000000010246

XMM[0]=0x0000000000000000 0x0000000000000000
XMM[1]=0x2f6d762f6c616e72 0x65746e692f6b646a
XMM[2]=0x736e6f6974706f2f 0x6d762f6c616e7265
XMM[3]=0x0000000000000000 0x0000000000000000
XMM[4]=0x0000000000000000 0x0000000000000000
XMM[5]=0x0000000000000000 0x0000000000000000
XMM[6]=0x0000000000000000 0x0000000000000000
XMM[7]=0x0000000000000000 0x0000000000000000
XMM[8]=0x0000000000000000 0x0000000000000000
XMM[9]=0x0000000000000000 0x0000000000000000
XMM[10]=0x0000000000000000 0x0000000000000000
XMM[11]=0x0000000000000000 0x0000000000000000
XMM[12]=0x0000000000000000 0x0000000000000000
XMM[13]=0x0000000000000000 0x0000000000000000
XMM[14]=0x0000000000000000 0x0000000000000000
XMM[15]=0x0000000000000000 0x0000000000000000
  MXCSR=0x00001f80


Top of Stack: (sp=0x000000833bdfd680)
0x000000833bdfd680:   000001a500000000 00007ffc62cd74ea
0x000000833bdfd690:   000001a500000200 000001a5ca1a7ce2
0x000000833bdfd6a0:   000001a5ca185c00 00007ffc292f1d5f
0x000000833bdfd6b0:   000000000000000b 000001a5ca185c00
0x000000833bdfd6c0:   0000000000000200 000001a5ca1a7e90
0x000000833bdfd6d0:   000001a5ca171d40 0000000000000221
0x000000833bdfd6e0:   0000000000000000 00000000ca150150
0x000000833bdfd6f0:   0000006d00000000 000001a5ca24a9d0
0x000000833bdfd700:   000001a5ca24a9d0 000000833bdfd780
0x000000833bdfd710:   0000ffc0c8b64388 00007ffc62bccbcd
0x000000833bdfd720:   00007ffbc821adb0 0000000000000017
0x000000833bdfd730:   000001a5ca185c00 000000833bdfe7e0
0x000000833bdfd740:   000000000000000b 00007ffc292f2641
0x000000833bdfd750:   000001a5cc537000 0000000000000007
0x000000833bdfd760:   000001a5ca187220 0000000000000001
0x000000833bdfd770:   61622e6176616a2f 692f6b646a2f6573
0x000000833bdfd780:   2f6c616e7265746e 6f6974706f2f6d76
0x000000833bdfd790:   000000000000736e 000001a5cc588db0
0x000000833bdfd7a0:   0000000000005ec0 00007ffc62cd6658
0x000000833bdfd7b0:   000001a5ca187310 0000000000000000
0x000000833bdfd7c0:   000001a5cc58ec70 000001a5ca150000
0x000000833bdfd7d0:   000001a500000300 00000000000005ec
0x000000833bdfd7e0:   0000000000000235 000001a5ca244a00
0x000000833bdfd7f0:   0000000101000000 0000010100000001
0x000000833bdfd800:   000001a5cc588dc0 0000000000000000
0x000000833bdfd810:   0000008300000000 000001a5cc588db0
0x000000833bdfd820:   0000000000000000 0000000000000000
0x000000833bdfd830:   0000000000000000 0000000000000000
0x000000833bdfd840:   0000000000000000 000001a5cc588db0
0x000000833bdfd850:   000000833bdfe170 0000000000000001
0x000000833bdfd860:   0000000000000360 0000000000000037
0x000000833bdfd870:   0000000000000001 0000000000000360 

Instructions: (pc=0x00007ffc292f1bd1)
0x00007ffc292f1ad1:   48 85 c9 74 1d 80 3d 33 45 00 00 00 74 06 48 8b
0x00007ffc292f1ae1:   53 18 eb 04 48 8b 53 40 e8 b2 0e 00 00 48 83 63
0x00007ffc292f1af1:   48 00 8b 4b 0c 83 f9 ff 74 09 e8 e8 0c 00 00 83
0x00007ffc292f1b01:   4b 0c ff 48 8b 4b 70 48 85 c9 74 0f ba 10 00 00
0x00007ffc292f1b11:   00 e8 09 0f 00 00 48 83 63 70 00 48 83 c4 20 5b
0x00007ffc292f1b21:   c3 cc cc 40 53 48 83 ec 20 48 8b d9 48 8d 0d ec
0x00007ffc292f1b31:   46 00 00 e8 b7 0c 00 00 83 6b 08 01 75 24 48 8b
0x00007ffc292f1b41:   d3 48 8d 0d cf 44 00 00 e8 22 08 00 00 48 8b cb
0x00007ffc292f1b51:   e8 de fe ff ff ba 78 00 00 00 48 8b cb e8 bd 0e
0x00007ffc292f1b61:   00 00 48 8d 0d b6 46 00 00 48 83 c4 20 5b e9 84
0x00007ffc292f1b71:   0c 00 00 48 89 5c 24 08 48 89 74 24 10 57 48 83
0x00007ffc292f1b81:   ec 20 41 8b f1 4d 8b c8 48 8b fa 4c 8b d9 4d 85
0x00007ffc292f1b91:   c0 74 78 85 f6 74 74 44 8a 12 48 8d 5a 01 48 8b
0x00007ffc292f1ba1:   d3 b8 93 01 00 01 eb 12 69 c0 93 01 00 01 41 0f
0x00007ffc292f1bb1:   b6 ca 44 8a 12 33 c1 48 ff c2 45 84 d2 75 e9 4d
0x00007ffc292f1bc1:   8b 03 0f ba f0 1f 33 d2 49 8b cb f7 f6 48 63 c2
0x00007ffc292f1bd1:   41 8b 14 81 41 ff 50 08 85 c0 7e 24 8a 0f eb 10
0x00007ffc292f1be1:   69 c0 93 01 00 01 0f b6 c9 33 c1 8a 0b 48 ff c3
0x00007ffc292f1bf1:   84 c9 75 ec 0f ba f0 1f 33 d2 f7 f6 8b c2 eb 0e
0x00007ffc292f1c01:   79 09 83 c9 ff 2b c8 8b c1 eb 03 83 c8 ff 48 8b
0x00007ffc292f1c11:   5c 24 30 48 8b 74 24 38 48 83 c4 20 5f c3 cc 48
0x00007ffc292f1c21:   89 5c 24 08 48 89 74 24 10 57 48 83 ec 20 48 8b
0x00007ffc292f1c31:   f1 48 8d 0d e7 45 00 00 e8 b2 0b 00 00 33 ff 39
0x00007ffc292f1c41:   3d d2 43 00 00 76 24 48 8b 05 d1 43 00 00 48 8b
0x00007ffc292f1c51:   d6 48 8b 1c f8 48 8b 0b e8 7c 1e 00 00 85 c0 74
0x00007ffc292f1c61:   2b ff c7 3b 3d ae 43 00 00 72 dc 33 db 48 8d 0d
0x00007ffc292f1c71:   ab 45 00 00 e8 7e 0b 00 00 48 8b 74 24 38 48 8b
0x00007ffc292f1c81:   c3 48 8b 5c 24 30 48 83 c4 20 5f c3 ff 43 08 eb
0x00007ffc292f1c91:   dc cc cc 48 89 5c 24 08 48 89 74 24 10 57 48 83
0x00007ffc292f1ca1:   ec 20 48 8b d9 48 8b f2 48 8b 49 10 49 8b f8 8b
0x00007ffc292f1cb1:   53 30 48 8b 01 ff 50 20 4c 8b 43 50 48 8b d6 48
0x00007ffc292f1cc1:   8b 4b 10 44 8b c8 e8 a8 fe ff ff 83 f8 ff 74 38 



---------------  P R O C E S S  ---------------

VM state: not at safepoint (not fully initialized)

VM Mutex/Monitor currently owned by a thread: None

CDS archive(s) mapped at: [0x0000000000000000-0x0000000000000000-0x0000000000000000), size 0, SharedBaseAddress: 0x0000000800000000, ArchiveRelocationMode: 1.
Narrow klass base: 0x0000000000000000, Narrow klass shift: 0, Narrow klass range: 0x0

GC Precious Log:
<Not initialized>


Dynamic libraries:
0x00007ff6dc720000 - 0x00007ff6dc796000 	C:\Users\Azalas12\AppData\Local\JetBrains\PyCharm2026.1\acp-agents\junie\1668.43.0\junie\junie.exe
0x00007ffc62bc0000 - 0x00007ffc62e26000 	C:\WINDOWS\SYSTEM32\ntdll.dll
0x00007ffc62260000 - 0x00007ffc62329000 	C:\WINDOWS\System32\KERNEL32.DLL
0x00007ffc60510000 - 0x00007ffc60910000 	C:\WINDOWS\System32\KERNELBASE.dll
0x00007ffc5c770000 - 0x00007ffc5c810000 	C:\WINDOWS\SYSTEM32\apphelp.dll
0x00007ffc62670000 - 0x00007ffc62837000 	C:\WINDOWS\System32\USER32.dll
0x00007ffc5ff70000 - 0x00007ffc5ff97000 	C:\WINDOWS\System32\win32u.dll
0x00007ffc60920000 - 0x00007ffc6094b000 	C:\WINDOWS\System32\GDI32.dll
0x00007ffc5ffa0000 - 0x00007ffc600ca000 	C:\WINDOWS\System32\gdi32full.dll
0x00007ffc60250000 - 0x00007ffc602f3000 	C:\WINDOWS\System32\msvcp_win.dll
0x00007ffc60300000 - 0x00007ffc6044c000 	C:\WINDOWS\System32\ucrtbase.dll
0x00007ffc61710000 - 0x00007ffc61ea2000 	C:\WINDOWS\System32\SHELL32.dll
0x00007ffc61580000 - 0x00007ffc615b2000 	C:\WINDOWS\System32\IMM32.DLL
0x00007ffc61180000 - 0x00007ffc6127a000 	C:\WINDOWS\System32\shcore.dll
0x00007ffc25360000 - 0x00007ffc25378000 	C:\Users\Azalas12\AppData\Local\JetBrains\PyCharm2026.1\acp-agents\junie\1668.43.0\junie\runtime\bin\jli.dll
0x00007ffc4d930000 - 0x00007ffc4dbc2000 	C:\WINDOWS\WinSxS\amd64_microsoft.windows.common-controls_6595b64144ccf1df_6.0.26100.8544_none_3e0a7398e3328344\COMCTL32.dll
0x00007ffc60de0000 - 0x00007ffc60e89000 	C:\WINDOWS\System32\msvcrt.dll
0x00007ffc25300000 - 0x00007ffc2531b000 	C:\Users\Azalas12\AppData\Local\JetBrains\PyCharm2026.1\acp-agents\junie\1668.43.0\junie\runtime\bin\VCRUNTIME140.dll
0x00007ffc330b0000 - 0x00007ffc330bc000 	C:\Users\Azalas12\AppData\Local\JetBrains\PyCharm2026.1\acp-agents\junie\1668.43.0\junie\runtime\bin\vcruntime140_1.dll
0x00007ffc055a0000 - 0x00007ffc0562d000 	C:\Users\Azalas12\AppData\Local\JetBrains\PyCharm2026.1\acp-agents\junie\1668.43.0\junie\runtime\bin\msvcp140.dll
0x00007ffbc7820000 - 0x00007ffbc85c7000 	C:\Users\Azalas12\AppData\Local\JetBrains\PyCharm2026.1\acp-agents\junie\1668.43.0\junie\runtime\bin\server\jvm.dll
0x00007ffc615c0000 - 0x00007ffc61677000 	C:\WINDOWS\System32\ADVAPI32.dll
0x00007ffc62950000 - 0x00007ffc629fa000 	C:\WINDOWS\System32\sechost.dll
0x00007ffc62410000 - 0x00007ffc62528000 	C:\WINDOWS\System32\RPCRT4.dll
0x00007ffc62a00000 - 0x00007ffc62a81000 	C:\WINDOWS\System32\WS2_32.dll
0x00007ffc4f830000 - 0x00007ffc4f866000 	C:\WINDOWS\SYSTEM32\WINMM.dll
0x00007ffc5fc90000 - 0x00007ffc5fcee000 	C:\WINDOWS\SYSTEM32\POWRPROF.dll
0x00007ffc56d90000 - 0x00007ffc56d9b000 	C:\WINDOWS\SYSTEM32\VERSION.dll
0x00007ffc5fc70000 - 0x00007ffc5fc84000 	C:\WINDOWS\SYSTEM32\UMPDC.dll
0x00007ffc5eb40000 - 0x00007ffc5eb5b000 	C:\WINDOWS\SYSTEM32\kernel.appcore.dll
0x00007ffc292f0000 - 0x00007ffc292fa000 	C:\Users\Azalas12\AppData\Local\JetBrains\PyCharm2026.1\acp-agents\junie\1668.43.0\junie\runtime\bin\jimage.dll
0x00007ffc5d4d0000 - 0x00007ffc5d712000 	C:\WINDOWS\SYSTEM32\DBGHELP.DLL
0x00007ffc61eb0000 - 0x00007ffc62233000 	C:\WINDOWS\System32\combase.dll
0x00007ffc62530000 - 0x00007ffc62609000 	C:\WINDOWS\System32\OLEAUT32.dll
0x00007ffc4d560000 - 0x00007ffc4d59b000 	C:\WINDOWS\SYSTEM32\dbgcore.DLL
0x00007ffc5fec0000 - 0x00007ffc5ff6c000 	C:\WINDOWS\System32\bcryptPrimitives.dll

JVMTI agents: none

dbghelp: loaded successfully - version: 4.0.5 - missing functions: none
symbol engine: initialized successfully - sym options: 0x614 - pdb path: .;C:\Users\Azalas12\AppData\Local\JetBrains\PyCharm2026.1\acp-agents\junie\1668.43.0\junie;C:\WINDOWS\SYSTEM32;C:\Users\Azalas12\AppData\Local\JetBrains\PyCharm2026.1\acp-agents\junie\1668.43.0\junie\runtime\bin;C:\WINDOWS\WinSxS\amd64_microsoft.windows.common-controls_6595b64144ccf1df_6.0.26100.8544_none_3e0a7398e3328344;C:\Users\Azalas12\AppData\Local\JetBrains\PyCharm2026.1\acp-agents\junie\1668.43.0\junie\runtime\bin\server

VM Arguments:
java_command: <unknown>
java_class_path (initial): <not set>
Launcher Type: SUN_STANDARD

[Global flags]
     bool UseLargePagesIndividualAllocation        = false                                  {pd product} {ergonomic}

Logging:
Log output configuration:
 #0: stdout all=warning uptime,level,tags foldmultilines=false
 #1: stderr all=off uptime,level,tags foldmultilines=false

Environment Variables:
JAVA_HOME=C:\Program Files\Microsoft\jdk-17.0.19.10-hotspot\
PATH=C:\Program Files\Microsoft\jdk-17.0.19.10-hotspot\bin;C:\ProgramData\Oracle\Java\javapath;C:\Program Files (x86)\Intel\Intel(R) Management Engine Components\iCLS\;C:\Program Files\Intel\Intel(R) Management Engine Components\iCLS\;C:\WINDOWS\system32;C:\WINDOWS;C:\WINDOWS\System32\Wbem;C:\WINDOWS\System32\WindowsPowerShell\v1.0\;C:\WINDOWS\System32\OpenSSH\;C:\Program Files (x86)\Intel\Intel(R) Management Engine Components\DAL;C:\Program Files\Intel\Intel(R) Management Engine Components\DAL;C:\Program Files (x86)\dotnet\;C:\Program Files\Git\cmd;C:\Program Files\GitHub CLI\;C:\Program Files\dotnet\;C:\Program Files\PowerShell\7-preview\preview;C:\Program Files\Pandoc\;C:\Program Files\nodejs\;C:\Program Files (x86)\Google\Cloud SDK\google-cloud-sdk\bin;C:\Users\Azalas12\AppData\Local\agy\bin;C:\Users\Azalas12\AppData\Local\Programs\Python\Python314\Scripts\;C:\Users\Azalas12\AppData\Local\Programs\Python\Python314\;C:\Users\Azalas12\AppData\Local\hermes\hermes-agent\venv\Scripts;C:\Users\Azalas12\.local\bin;c:\Users\Azalas12\AppData\Local\Programs\Trae\bin;C:\Users\Azalas12\AppData\Local\com.Langflow\uv;C:\Users\Azalas12\AppData\Local\Microsoft\WindowsApps;C:\Users\Azalas12\AppData\Local\Programs\Antigravity\bin;C:\Program Files\JetBrains\DataSpell 2025.3.1\bin;C:\Program Files\JetBrains\PyCharm 2025.3.1\bin;C:\Users\Azalas12\flutter\bin;C:\Users\Azalas12\AppData\Local\Programs\MiKTeX\miktex\bin\x64\;C:\Users\Azalas12\AppData\Local\plannotator;C:\Users\Azalas12\AppData\Local\Microsoft\WinGet\Links;C:\Users\Azalas12\AppData\Local\Microsoft\WindowsApps;C:\Users\Azalas12\AppData\Roaming\npm;C:\Users\Azalas12\AppData\Local\Programs\Antigravity IDE\bin;C:\Users\Azalas12\AppData\Local\agy\bin;C:\Users\Azalas12\AppData\Local\JetBrains\PyCharm2026.1\acp-agents\junie\1668.43.0\junie\app
USERNAME=Azalas12
OS=Windows_NT
PROCESSOR_IDENTIFIER=Intel64 Family 6 Model 142 Stepping 10, GenuineIntel
TMP=C:\Users\Azalas12\AppData\Local\Temp
TEMP=C:\Users\Azalas12\AppData\Local\Temp




Periodic native trim disabled

---------------  S Y S T E M  ---------------

OS:
 Windows 11 , 64 bit Build 26100 (10.0.26100.8544)
OS uptime: 0 days 2:06 hours

CPU: total 8 (initial active 0) 
Processor Information for the first 8 processors :
  Max Mhz: 1801, Current Mhz: 1500, Mhz Limit: 1494

Memory: 4k page, system-wide physical 8101M (601M free)
TotalPageFile size 20389M (AvailPageFile size 4318M)
current process WorkingSet (physical memory assigned to process): 12M, peak: 12M
current process commit charge ("private bytes"): 3M, peak: 3M

vm_info: OpenJDK 64-Bit Server VM (21.0.8+9-LTS) for windows-amd64 JRE (21.0.8+9-LTS), built on 2025-07-09T19:22:31Z by "Administrator" with MS VC++ 16.10 / 16.11 (VS2019)

END.
